{"type":"server-started","port":55874,"host":"127.0.0.1","url_host":"localhost","url":"http://localhost:55874","screen_dir":"/Users/chaiyakatkwao/Desktop/Projects/Chaiya Katkwao-Portfolio/.superpowers/brainstorm/41688-1779117719/content","state_dir":"/Users/chaiyakatkwao/Desktop/Projects/Chaiya Katkwao-Portfolio/.superpowers/brainstorm/41688-1779117719/state"}
{"type":"screen-added","file":"/Users/chaiyakatkwao/Desktop/Projects/Chaiya Katkwao-Portfolio/.superpowers/brainstorm/41688-1779117719/content/chat-placement.html"}
{"type":"screen-updated","file":"/Users/chaiyakatkwao/Desktop/Projects/Chaiya Katkwao-Portfolio/.superpowers/brainstorm/41688-1779117719/content/chat-placement.html"}
{"type":"screen-updated","file":"/Users/chaiyakatkwao/Desktop/Projects/Chaiya Katkwao-Portfolio/.superpowers/brainstorm/41688-1779117719/content/chat-placement.html"}
{"source":"user-event","type":"click","text":"chaiyakatkwao.com/chat\n      \n      \n        What kind of work do you do?\n        I'm a Creative Producer...\n        \n      \n    \n    \n      Dedicated /chat Page\n      A full-screen conversation experience at its own URL. Visitors navigate to it intentionally. Feels immersive and intentional — more like a feature than a widget.","choice":"dedicated","id":null,"timestamp":1779117870507}
{"type":"screen-added","file":"/Users/chaiyakatkwao/Desktop/Projects/Chaiya Katkwao-Portfolio/.superpowers/brainstorm/41688-1779117719/content/waiting-1.html"}
{"type":"screen-updated","file":"/Users/chaiyakatkwao/Desktop/Projects/Chaiya Katkwao-Portfolio/.superpowers/brainstorm/41688-1779117719/content/waiting-1.html"}
{"type":"screen-updated","file":"/Users/chaiyakatkwao/Desktop/Projects/Chaiya Katkwao-Portfolio/.superpowers/brainstorm/41688-1779117719/content/waiting-1.html"}
{"type":"screen-added","file":"/Users/chaiyakatkwao/Desktop/Projects/Chaiya Katkwao-Portfolio/.superpowers/brainstorm/41688-1779117719/content/chat-ui-layout.html"}
{"type":"screen-updated","file":"/Users/chaiyakatkwao/Desktop/Projects/Chaiya Katkwao-Portfolio/.superpowers/brainstorm/41688-1779117719/content/chat-ui-layout.html"}
{"type":"screen-updated","file":"/Users/chaiyakatkwao/Desktop/Projects/Chaiya Katkwao-Portfolio/.superpowers/brainstorm/41688-1779117719/content/chat-ui-layout.html"}
{"type":"screen-updated","file":"/Users/chaiyakatkwao/Desktop/Projects/Chaiya Katkwao-Portfolio/.superpowers/brainstorm/41688-1779117719/content/chat-ui-layout.html"}
{"source":"user-event","type":"click","text":"CK\n        \n          HOME\n          COMMERCIAL\n          CHAT\n        \n      \n      \n      \n        \n        \n          Speaking with\n          Chaiya /Katkwao.\n          Creative ProducerBangkok, Thailand\n        \n        \n        \n          \n            Hey — I'm Chaiya. Ask me anything about my work, or just say hi.\n          \n          \n            What kind of work do you do?\n          \n          \n            I'm a Creative Producer based in Bangkok...\n          \n          \n            Ask something...\n            ↵\n          \n        \n      \n    \n    \n      Split Column\n      Left panel shows your identity (\"Speaking with Chaiya Katkwao — Creative Producer\"). Right panel is the chat. Feels editorial, like an interview format.","choice":"fullwidth","id":null,"timestamp":1779118189111}
{"type":"screen-added","file":"/Users/chaiyakatkwao/Desktop/Projects/Chaiya Katkwao-Portfolio/.superpowers/brainstorm/41688-1779117719/content/waiting-2.html"}
{"type":"screen-updated","file":"/Users/chaiyakatkwao/Desktop/Projects/Chaiya Katkwao-Portfolio/.superpowers/brainstorm/41688-1779117719/content/waiting-2.html"}
{"type":"screen-updated","file":"/Users/chaiyakatkwao/Desktop/Projects/Chaiya Katkwao-Portfolio/.superpowers/brainstorm/41688-1779117719/content/waiting-2.html"}
{"type":"screen-updated","file":"/Users/chaiyakatkwao/Desktop/Projects/Chaiya Katkwao-Portfolio/.superpowers/brainstorm/41688-1779117719/content/waiting-2.html"}
{"type":"screen-updated","file":"/Users/chaiyakatkwao/Desktop/Projects/Chaiya Katkwao-Portfolio/.superpowers/brainstorm/41688-1779117719/content/chat-placement.html"}
{"type":"screen-updated","file":"/Users/chaiyakatkwao/Desktop/Projects/Chaiya Katkwao-Portfolio/.superpowers/brainstorm/41688-1779117719/content/waiting-1.html"}
{"type":"screen-updated","file":"/Users/chaiyakatkwao/Desktop/Projects/Chaiya Katkwao-Portfolio/.superpowers/brainstorm/41688-1779117719/content/waiting-2.html"}
{"type":"screen-updated","file":"/Users/chaiyakatkwao/Desktop/Projects/Chaiya Katkwao-Portfolio/.superpowers/brainstorm/41688-1779117719/content/waiting-1.html"}
{"type":"screen-updated","file":"/Users/chaiyakatkwao/Desktop/Projects/Chaiya Katkwao-Portfolio/.superpowers/brainstorm/41688-1779117719/content/waiting-2.html"}
{"type":"screen-updated","file":"/Users/chaiyakatkwao/Desktop/Projects/Chaiya Katkwao-Portfolio/.superpowers/brainstorm/41688-1779117719/content/chat-ui-layout.html"}
{"type":"server-stopped","reason":"idle timeout"}
